Component: ARM Compiler 5.06 update 3 (build 300) Tool: armlink [4d35c9]

==============================================================================

Section Cross References

    startup_rvmdk.o(My_Constants) refers (Special) to heapauxi.o(.text) for __use_two_region_memory
    startup_rvmdk.o(STACK) refers (Special) to heapauxi.o(.text) for __use_two_region_memory
    startup_rvmdk.o(HEAP) refers (Special) to heapauxi.o(.text) for __use_two_region_memory
    startup_rvmdk.o(RESET) refers (Special) to heapauxi.o(.text) for __use_two_region_memory
    startup_rvmdk.o(RESET) refers to startup_rvmdk.o(STACK) for StackMem
    startup_rvmdk.o(RESET) refers to main.o(.text) for __main
    startup_rvmdk.o(RESET) refers to my_variables.o(My_Variables) for PB5_MASK
    startup_rvmdk.o(.text) refers (Special) to heapauxi.o(.text) for __use_two_region_memory
    startup_rvmdk.o(.text) refers to startup_rvmdk.o(HEAP) for HeapMem
    startup_rvmdk.o(.text) refers to startup_rvmdk.o(STACK) for StackMem
    main.o(.text) refers to my_variables.o(My_Variables) for PB5_MASK


==============================================================================

Removing Unused input sections from the image.

    Removing my_constants.o(My_Constants), (6 bytes).
    Removing startup_rvmdk.o(My_Constants), (6 bytes).
    Removing startup_rvmdk.o(HEAP), (0 bytes).
    Removing startup_rvmdk.o(.text), (24 bytes).
    Removing main.o(My_Constants), (6 bytes).

5 unused section(s) (total 42 bytes) removed from the image.

==============================================================================

Image Symbol Table

    Local Symbols

    Symbol Name                              Value     Ov Type        Size  Object(Section)

    RESET                                    0x00000000   Section      792  startup_rvmdk.o(RESET)
    ../clib/heapaux.c                        0x00000000   Number         0  heapauxi.o ABSOLUTE
    dc.s                                     0x00000000   Number         0  dc.o ABSOLUTE
    main.s                                   0x00000000   Number         0  main.o ABSOLUTE
    my_Constants.s                           0x00000000   Number         0  my_constants.o ABSOLUTE
    my_Variables.s                           0x00000000   Number         0  my_variables.o ABSOLUTE
    startup_rvmdk.S                          0x00000000   Number         0  startup_rvmdk.o ABSOLUTE
    $v0                                      0x0000026c   Number         0  startup_rvmdk.o(RESET)
    NmiSR                                    0x0000028f   Thumb Code     0  startup_rvmdk.o(RESET)
    FaultISR                                 0x00000291   Thumb Code     0  startup_rvmdk.o(RESET)
    IntDefaultHandler                        0x000002a5   Thumb Code     0  startup_rvmdk.o(RESET)
    .text                                    0x00000318   Section      544  main.o(.text)
    $v0                                      0x00000318   Number         0  main.o(.text)
    NVIC_Init                                0x00000319   Thumb Code    48  main.o(.text)
    NVIC_Priority                            0x00000349   Thumb Code    64  main.o(.text)
    GPIO_Init                                0x00000389   Thumb Code   106  main.o(.text)
    RCGC_Init                                0x000003f3   Thumb Code    40  main.o(.text)
    TIMER_Init                               0x0000047d   Thumb Code   132  main.o(.text)
    .text                                    0x00000538   Section        0  heapauxi.o(.text)
    My_Variables                             0x20000000   Section       56  my_variables.o(My_Variables)
    STACK                                    0x20000038   Section      512  startup_rvmdk.o(STACK)
    StackMem                                 0x20000038   Data           0  startup_rvmdk.o(STACK)

    Global Symbols

    Symbol Name                              Value     Ov Type        Size  Object(Section)

    BuildAttributes$$THM_ISAv4$E$P$D$K$B$S$7EM$VFPi3$EXTD16$VFPS$VFMA$PE$A:L22UL41UL21$X:L11$S22US41US21$IEEE1$IW$USESV6$~STKCKD$USESV7$~SHL$OSPACE$ROPI$EBA8$STANDARDLIB$REQ8$EABIv2 0x00000000   Number         0  anon$$obj.o ABSOLUTE
    __Vectors                                0x00000000   Data           0  startup_rvmdk.o(RESET)
    Reset_Handler                            0x0000026d   Thumb Code     0  startup_rvmdk.o(RESET)
    SysTick_Handler                          0x00000293   Thumb Code    18  startup_rvmdk.o(RESET)
    Timer0A_Handler                          0x000002a7   Thumb Code    32  startup_rvmdk.o(RESET)
    Timer4A_Handler                          0x000002c7   Thumb Code    32  startup_rvmdk.o(RESET)
    Timer4B_Handler                          0x000002e7   Thumb Code    32  startup_rvmdk.o(RESET)
    __main                                   0x00000501   Thumb Code    38  main.o(.text)
    __use_two_region_memory                  0x00000539   Thumb Code     2  heapauxi.o(.text)
    __rt_heap_escrow$2region                 0x0000053b   Thumb Code     2  heapauxi.o(.text)
    __rt_heap_expand$2region                 0x0000053d   Thumb Code     2  heapauxi.o(.text)
    PB5_MASK                                 0x20000000   Data           4  my_variables.o(My_Variables)
    temp                                     0x20000004   Data           1  my_variables.o(My_Variables)
    TxPutI                                   0x20000028   Data           4  my_variables.o(My_Variables)
    TxGetI                                   0x2000002c   Data           4  my_variables.o(My_Variables)
    RxPutI                                   0x20000030   Data           4  my_variables.o(My_Variables)
    RxGetI                                   0x20000034   Data           4  my_variables.o(My_Variables)



==============================================================================

Memory Map of the image

  Image Entry point : 0x0000026d

  Load Region LR_1 (Base: 0x00000000, Size: 0x00000578, Max: 0xffffffff, ABSOLUTE)

    Execution Region ER_RO (Base: 0x00000000, Size: 0x00000540, Max: 0xffffffff, ABSOLUTE)

    Base Addr    Size         Type   Attr      Idx    E Section Name        Object

    0x00000000   0x00000318   Code   RO            9  * RESET               startup_rvmdk.o
    0x00000318   0x00000220   Code   RO           19  * .text               main.o
    0x00000538   0x00000006   Code   RO           28    .text               c_w.l(heapauxi.o)


    Execution Region ER_RW (Base: 0x20000000, Size: 0x00000038, Max: 0xffffffff, ABSOLUTE)

    Base Addr    Size         Type   Attr      Idx    E Section Name        Object

    0x20000000   0x00000038   Data   RW           25    My_Variables        my_variables.o


    Execution Region ER_ZI (Base: 0x20000038, Size: 0x00000200, Max: 0xffffffff, ABSOLUTE)

    Base Addr    Size         Type   Attr      Idx    E Section Name        Object

    0x20000038   0x00000200   Zero   RW            7    STACK               startup_rvmdk.o


==============================================================================

Image component sizes


      Code (inc. data)   RO Data    RW Data    ZI Data      Debug   Object Name

       544         22          0          0          0        776   main.o
         0          0          0          0          0         32   my_constants.o
         0          0          0         56          0          0   my_variables.o
       792        638          0          0        512        588   startup_rvmdk.o

    ----------------------------------------------------------------------
      1336        660          0         56        512       1396   Object Totals
         0          0          0          0          0          0   (incl. Generated)
         0          0          0          0          0          0   (incl. Padding)

    ----------------------------------------------------------------------

      Code (inc. data)   RO Data    RW Data    ZI Data      Debug   Library Member Name

         6          0          0          0          0        152   heapauxi.o

    ----------------------------------------------------------------------
         8          0          0          0          0        152   Library Totals
         2          0          0          0          0          0   (incl. Padding)

    ----------------------------------------------------------------------

      Code (inc. data)   RO Data    RW Data    ZI Data      Debug   Library Name

         6          0          0          0          0        152   c_w.l

    ----------------------------------------------------------------------
         8          0          0          0          0        152   Library Totals

    ----------------------------------------------------------------------

==============================================================================


      Code (inc. data)   RO Data    RW Data    ZI Data      Debug   

      1344        660          0         56        512       1448   Grand Totals
      1344        660          0         56        512       1448   ELF Image Totals
      1344        660          0         56          0          0   ROM Totals

==============================================================================

    Total RO  Size (Code + RO Data)                 1344 (   1.31kB)
    Total RW  Size (RW Data + ZI Data)               568 (   0.55kB)
    Total ROM Size (Code + RO Data + RW Data)       1400 (   1.37kB)

==============================================================================

