Component: ARM Compiler 5.06 update 3 (build 300) Tool: armlink [4d35c9]

==============================================================================

Section Cross References

    startup_rvmdk.o(My_Constants) refers (Special) to heapauxi.o(.text) for __use_two_region_memory
    startup_rvmdk.o(STACK) refers (Special) to heapauxi.o(.text) for __use_two_region_memory
    startup_rvmdk.o(HEAP) refers (Special) to heapauxi.o(.text) for __use_two_region_memory
    startup_rvmdk.o(RESET) refers (Special) to heapauxi.o(.text) for __use_two_region_memory
    startup_rvmdk.o(RESET) refers to startup_rvmdk.o(STACK) for StackMem
    startup_rvmdk.o(RESET) refers to main.o(.text) for __main
    startup_rvmdk.o(RESET) refers to my_variables.o(My_Variables) for PB5_MASK
    startup_rvmdk.o(.text) refers (Special) to heapauxi.o(.text) for __use_two_region_memory
    startup_rvmdk.o(.text) refers to startup_rvmdk.o(HEAP) for HeapMem
    startup_rvmdk.o(.text) refers to startup_rvmdk.o(STACK) for StackMem
    main.o(My_Subroutines) refers to my_variables.o(My_Variables) for PB5_MASK
    main.o(.text) refers to main.o(My_Subroutines) for RCGC_Init
    my_subroutines.o(My_Subroutines) refers to my_variables.o(My_Variables) for PB5_MASK


==============================================================================

Removing Unused input sections from the image.

    Removing my_constants.o(My_Constants), (0 bytes).
    Removing startup_rvmdk.o(My_Constants), (0 bytes).
    Removing startup_rvmdk.o(HEAP), (0 bytes).
    Removing startup_rvmdk.o(.text), (24 bytes).
    Removing main.o(My_Constants), (0 bytes).
    Removing my_subroutines.o(My_Constants), (0 bytes).
    Removing my_subroutines.o(My_Subroutines), (1000 bytes).

7 unused section(s) (total 1024 bytes) removed from the image.

==============================================================================

Image Symbol Table

    Local Symbols

    Symbol Name                              Value     Ov Type        Size  Object(Section)

    RESET                                    0x00000000   Section     1084  startup_rvmdk.o(RESET)
    ../clib/heapaux.c                        0x00000000   Number         0  heapauxi.o ABSOLUTE
    dc.s                                     0x00000000   Number         0  dc.o ABSOLUTE
    main.s                                   0x00000000   Number         0  main.o ABSOLUTE
    my_Constants.s                           0x00000000   Number         0  my_constants.o ABSOLUTE
    my_Subroutines.s                         0x00000000   Number         0  my_subroutines.o ABSOLUTE
    my_Variables.s                           0x00000000   Number         0  my_variables.o ABSOLUTE
    startup_rvmdk.S                          0x00000000   Number         0  startup_rvmdk.o ABSOLUTE
    $v0                                      0x0000026c   Number         0  startup_rvmdk.o(RESET)
    NmiSR                                    0x0000028f   Thumb Code     0  startup_rvmdk.o(RESET)
    FaultISR                                 0x00000291   Thumb Code     0  startup_rvmdk.o(RESET)
    IntDefaultHandler                        0x000002a5   Thumb Code     0  startup_rvmdk.o(RESET)
    .text                                    0x0000043c   Section       60  main.o(.text)
    $v0                                      0x0000043c   Number         0  main.o(.text)
    .text                                    0x00000478   Section        0  heapauxi.o(.text)
    My_Subroutines                           0x00000480   Section     1000  main.o(My_Subroutines)
    $v0                                      0x00000480   Number         0  main.o(My_Subroutines)
    NVIC_Init                                0x00000481   Thumb Code    48  main.o(My_Subroutines)
    NVIC_Priority                            0x000004b1   Thumb Code    64  main.o(My_Subroutines)
    GPIO_Init                                0x000004f1   Thumb Code   106  main.o(My_Subroutines)
    GPIO_UART1                               0x0000055b   Thumb Code    98  main.o(My_Subroutines)
    RCGC_Init                                0x000005bd   Thumb Code    54  main.o(My_Subroutines)
    UART_Init                                0x000006d9   Thumb Code   156  main.o(My_Subroutines)
    My_Variables                             0x20000000   Section       56  my_variables.o(My_Variables)
    STACK                                    0x20000038   Section      512  startup_rvmdk.o(STACK)
    StackMem                                 0x20000038   Data           0  startup_rvmdk.o(STACK)

    Global Symbols

    Symbol Name                              Value     Ov Type        Size  Object(Section)

    BuildAttributes$$THM_ISAv4$E$P$D$K$B$S$7EM$VFPi3$EXTD16$VFPS$VFMA$PE$A:L22UL41UL21$X:L11$S22US41US21$IEEE1$IW$USESV6$~STKCKD$USESV7$~SHL$OSPACE$ROPI$EBA8$STANDARDLIB$REQ8$EABIv2 0x00000000   Number         0  anon$$obj.o ABSOLUTE
    __Vectors                                0x00000000   Data           0  startup_rvmdk.o(RESET)
    Reset_Handler                            0x0000026d   Thumb Code     0  startup_rvmdk.o(RESET)
    SysTick_Handler                          0x00000293   Thumb Code    18  startup_rvmdk.o(RESET)
    Timer0A_Handler                          0x000002a7   Thumb Code    32  startup_rvmdk.o(RESET)
    Timer4A_Handler                          0x000002c7   Thumb Code    32  startup_rvmdk.o(RESET)
    Timer4B_Handler                          0x000002e7   Thumb Code    32  startup_rvmdk.o(RESET)
    UART0_Handler                            0x00000307   Thumb Code   140  startup_rvmdk.o(RESET)
    UART1_Handler                            0x00000393   Thumb Code   144  startup_rvmdk.o(RESET)
    __main                                   0x0000043d   Thumb Code    54  main.o(.text)
    __use_two_region_memory                  0x00000479   Thumb Code     2  heapauxi.o(.text)
    __rt_heap_escrow$2region                 0x0000047b   Thumb Code     2  heapauxi.o(.text)
    __rt_heap_expand$2region                 0x0000047d   Thumb Code     2  heapauxi.o(.text)
    PB5_MASK                                 0x20000000   Data           4  my_variables.o(My_Variables)
    temp                                     0x20000004   Data           1  my_variables.o(My_Variables)
    TxFifo                                   0x20000005   Data          16  my_variables.o(My_Variables)
    RxFifo                                   0x20000015   Data          16  my_variables.o(My_Variables)
    TxPutI                                   0x20000028   Data           4  my_variables.o(My_Variables)
    TxGetI                                   0x2000002c   Data           4  my_variables.o(My_Variables)
    RxPutI                                   0x20000030   Data           4  my_variables.o(My_Variables)
    RxGetI                                   0x20000034   Data           4  my_variables.o(My_Variables)



==============================================================================

Memory Map of the image

  Image Entry point : 0x0000026d

  Load Region LR_1 (Base: 0x00000000, Size: 0x000008a0, Max: 0xffffffff, ABSOLUTE)

    Execution Region ER_RO (Base: 0x00000000, Size: 0x00000868, Max: 0xffffffff, ABSOLUTE)

    Base Addr    Size         Type   Attr      Idx    E Section Name        Object

    0x00000000   0x0000043c   Code   RO            5  * RESET               startup_rvmdk.o
    0x0000043c   0x0000003c   Code   RO           16  * .text               main.o
    0x00000478   0x00000006   Code   RO           31    .text               c_w.l(heapauxi.o)
    0x0000047e   0x00000002   PAD
    0x00000480   0x000003e8   Code   RO           15    My_Subroutines      main.o


    Execution Region ER_RW (Base: 0x20000000, Size: 0x00000038, Max: 0xffffffff, ABSOLUTE)

    Base Addr    Size         Type   Attr      Idx    E Section Name        Object

    0x20000000   0x00000038   Data   RW           23    My_Variables        my_variables.o


    Execution Region ER_ZI (Base: 0x20000038, Size: 0x00000200, Max: 0xffffffff, ABSOLUTE)

    Base Addr    Size         Type   Attr      Idx    E Section Name        Object

    0x20000038   0x00000200   Zero   RW            3    STACK               startup_rvmdk.o


==============================================================================

Image component sizes


      Code (inc. data)   RO Data    RW Data    ZI Data      Debug   Object Name

      1060         56          0          0          0       1468   main.o
         0          0          0         56          0          0   my_variables.o
      1084        646          0          0        512        816   startup_rvmdk.o

    ----------------------------------------------------------------------
      2144        702          0         56        512       2284   Object Totals
         0          0          0          0          0          0   (incl. Generated)
         0          0          0          0          0          0   (incl. Padding)

    ----------------------------------------------------------------------

      Code (inc. data)   RO Data    RW Data    ZI Data      Debug   Library Member Name

         6          0          0          0          0        152   heapauxi.o

    ----------------------------------------------------------------------
         8          0          0          0          0        152   Library Totals
         2          0          0          0          0          0   (incl. Padding)

    ----------------------------------------------------------------------

      Code (inc. data)   RO Data    RW Data    ZI Data      Debug   Library Name

         6          0          0          0          0        152   c_w.l

    ----------------------------------------------------------------------
         8          0          0          0          0        152   Library Totals

    ----------------------------------------------------------------------

==============================================================================


      Code (inc. data)   RO Data    RW Data    ZI Data      Debug   

      2152        702          0         56        512       2236   Grand Totals
      2152        702          0         56        512       2236   ELF Image Totals
      2152        702          0         56          0          0   ROM Totals

==============================================================================

    Total RO  Size (Code + RO Data)                 2152 (   2.10kB)
    Total RW  Size (RW Data + ZI Data)               568 (   0.55kB)
    Total ROM Size (Code + RO Data + RW Data)       2208 (   2.16kB)

==============================================================================

