Component: ARM Compiler 5.06 update 3 (build 300) Tool: armlink [4d35c9]

==============================================================================

Section Cross References

    startup_rvmdk.o(My_Constants) refers (Special) to heapauxi.o(.text) for __use_two_region_memory
    startup_rvmdk.o(STACK) refers (Special) to heapauxi.o(.text) for __use_two_region_memory
    startup_rvmdk.o(HEAP) refers (Special) to heapauxi.o(.text) for __use_two_region_memory
    startup_rvmdk.o(RESET) refers (Special) to heapauxi.o(.text) for __use_two_region_memory
    startup_rvmdk.o(RESET) refers to startup_rvmdk.o(STACK) for StackMem
    startup_rvmdk.o(RESET) refers to main.o(.text) for __main
    startup_rvmdk.o(RESET) refers to my_variables.o(My_Variables) for PB5_MASK
    startup_rvmdk.o(.text) refers (Special) to heapauxi.o(.text) for __use_two_region_memory
    startup_rvmdk.o(.text) refers to startup_rvmdk.o(HEAP) for HeapMem
    startup_rvmdk.o(.text) refers to startup_rvmdk.o(STACK) for StackMem
    main.o(My_Subroutines) refers to my_variables.o(My_Variables) for PB5_MASK
    main.o(My_Subroutines) refers to main.o(My_Constants) for SIZE
    main.o(.text) refers to main.o(My_Subroutines) for RCGC_Init
    my_subroutines.o(My_Subroutines) refers to my_variables.o(My_Variables) for PB5_MASK
    my_subroutines.o(My_Subroutines) refers to my_subroutines.o(My_Constants) for SIZE


==============================================================================

Removing Unused input sections from the image.

    Removing my_constants.o(My_Constants), (6 bytes).
    Removing startup_rvmdk.o(My_Constants), (6 bytes).
    Removing startup_rvmdk.o(HEAP), (0 bytes).
    Removing startup_rvmdk.o(.text), (24 bytes).
    Removing my_subroutines.o(My_Constants), (6 bytes).
    Removing my_subroutines.o(My_Subroutines), (984 bytes).

6 unused section(s) (total 1026 bytes) removed from the image.

==============================================================================

Image Symbol Table

    Local Symbols

    Symbol Name                              Value     Ov Type        Size  Object(Section)

    RESET                                    0x00000000   Section      936  startup_rvmdk.o(RESET)
    ../clib/heapaux.c                        0x00000000   Number         0  heapauxi.o ABSOLUTE
    dc.s                                     0x00000000   Number         0  dc.o ABSOLUTE
    main.s                                   0x00000000   Number         0  main.o ABSOLUTE
    my_Constants.s                           0x00000000   Number         0  my_constants.o ABSOLUTE
    my_Subroutines.s                         0x00000000   Number         0  my_subroutines.o ABSOLUTE
    my_Variables.s                           0x00000000   Number         0  my_variables.o ABSOLUTE
    startup_rvmdk.S                          0x00000000   Number         0  startup_rvmdk.o ABSOLUTE
    $v0                                      0x0000026c   Number         0  startup_rvmdk.o(RESET)
    NmiSR                                    0x0000028f   Thumb Code     0  startup_rvmdk.o(RESET)
    FaultISR                                 0x00000291   Thumb Code     0  startup_rvmdk.o(RESET)
    IntDefaultHandler                        0x000002a5   Thumb Code     0  startup_rvmdk.o(RESET)
    .text                                    0x000003a8   Section       42  main.o(.text)
    $v0                                      0x000003a8   Number         0  main.o(.text)
    .text                                    0x000003d2   Section        0  heapauxi.o(.text)
    My_Constants                             0x000003d8   Section        6  main.o(My_Constants)
    SIZE                                     0x000003d8   Data           2  main.o(My_Constants)
    SUCCESS                                  0x000003da   Data           2  main.o(My_Constants)
    FAIL                                     0x000003dc   Data           2  main.o(My_Constants)
    My_Subroutines                           0x000003e0   Section      984  main.o(My_Subroutines)
    $v0                                      0x000003e0   Number         0  main.o(My_Subroutines)
    NVIC_Init                                0x000003e1   Thumb Code    48  main.o(My_Subroutines)
    NVIC_Priority                            0x00000411   Thumb Code    64  main.o(My_Subroutines)
    GPIO_Init                                0x00000451   Thumb Code   106  main.o(My_Subroutines)
    GPIO_UART                                0x000004bb   Thumb Code    98  main.o(My_Subroutines)
    RCGC_Init                                0x0000051d   Thumb Code    54  main.o(My_Subroutines)
    UART_Init                                0x00000639   Thumb Code   136  main.o(My_Subroutines)
    My_Variables                             0x20000000   Section       56  my_variables.o(My_Variables)
    STACK                                    0x20000038   Section      512  startup_rvmdk.o(STACK)
    StackMem                                 0x20000038   Data           0  startup_rvmdk.o(STACK)

    Global Symbols

    Symbol Name                              Value     Ov Type        Size  Object(Section)

    BuildAttributes$$THM_ISAv4$E$P$D$K$B$S$7EM$VFPi3$EXTD16$VFPS$VFMA$PE$A:L22UL41UL21$X:L11$S22US41US21$IEEE1$IW$USESV6$~STKCKD$USESV7$~SHL$OSPACE$ROPI$EBA8$STANDARDLIB$REQ8$EABIv2 0x00000000   Number         0  anon$$obj.o ABSOLUTE
    __Vectors                                0x00000000   Data           0  startup_rvmdk.o(RESET)
    Reset_Handler                            0x0000026d   Thumb Code     0  startup_rvmdk.o(RESET)
    SysTick_Handler                          0x00000293   Thumb Code    18  startup_rvmdk.o(RESET)
    Timer0A_Handler                          0x000002a7   Thumb Code    32  startup_rvmdk.o(RESET)
    Timer4A_Handler                          0x000002c7   Thumb Code    32  startup_rvmdk.o(RESET)
    Timer4B_Handler                          0x000002e7   Thumb Code    32  startup_rvmdk.o(RESET)
    UART0_Handler                            0x00000307   Thumb Code   140  startup_rvmdk.o(RESET)
    __main                                   0x000003a9   Thumb Code    42  main.o(.text)
    __use_two_region_memory                  0x000003d3   Thumb Code     2  heapauxi.o(.text)
    __rt_heap_escrow$2region                 0x000003d5   Thumb Code     2  heapauxi.o(.text)
    __rt_heap_expand$2region                 0x000003d7   Thumb Code     2  heapauxi.o(.text)
    PB5_MASK                                 0x20000000   Data           4  my_variables.o(My_Variables)
    temp                                     0x20000004   Data           1  my_variables.o(My_Variables)
    TxFifo                                   0x20000005   Data          16  my_variables.o(My_Variables)
    RxFifo                                   0x20000015   Data          16  my_variables.o(My_Variables)
    TxPutI                                   0x20000028   Data           4  my_variables.o(My_Variables)
    TxGetI                                   0x2000002c   Data           4  my_variables.o(My_Variables)
    RxPutI                                   0x20000030   Data           4  my_variables.o(My_Variables)
    RxGetI                                   0x20000034   Data           4  my_variables.o(My_Variables)



==============================================================================

Memory Map of the image

  Image Entry point : 0x0000026d

  Load Region LR_1 (Base: 0x00000000, Size: 0x000007f0, Max: 0xffffffff, ABSOLUTE)

    Execution Region ER_RO (Base: 0x00000000, Size: 0x000007b8, Max: 0xffffffff, ABSOLUTE)

    Base Addr    Size         Type   Attr      Idx    E Section Name        Object

    0x00000000   0x000003a8   Code   RO            9  * RESET               startup_rvmdk.o
    0x000003a8   0x0000002a   Code   RO           20  * .text               main.o
    0x000003d2   0x00000006   Code   RO           39    .text               c_w.l(heapauxi.o)
    0x000003d8   0x00000006   Code   RO           18    My_Constants        main.o
    0x000003de   0x00000002   PAD
    0x000003e0   0x000003d8   Code   RO           19    My_Subroutines      main.o


    Execution Region ER_RW (Base: 0x20000000, Size: 0x00000038, Max: 0xffffffff, ABSOLUTE)

    Base Addr    Size         Type   Attr      Idx    E Section Name        Object

    0x20000000   0x00000038   Data   RW           29    My_Variables        my_variables.o


    Execution Region ER_ZI (Base: 0x20000038, Size: 0x00000200, Max: 0xffffffff, ABSOLUTE)

    Base Addr    Size         Type   Attr      Idx    E Section Name        Object

    0x20000038   0x00000200   Zero   RW            7    STACK               startup_rvmdk.o


==============================================================================

Image component sizes


      Code (inc. data)   RO Data    RW Data    ZI Data      Debug   Object Name

      1032         72          0          0          0       1664   main.o
         0          0          0          0          0         32   my_constants.o
         0          0          0         56          0          0   my_variables.o
       936        642          0          0        512        684   startup_rvmdk.o

    ----------------------------------------------------------------------
      1970        716          0         56        512       2380   Object Totals
         0          0          0          0          0          0   (incl. Generated)
         2          2          0          0          0          0   (incl. Padding)

    ----------------------------------------------------------------------

      Code (inc. data)   RO Data    RW Data    ZI Data      Debug   Library Member Name

         6          0          0          0          0        152   heapauxi.o

    ----------------------------------------------------------------------
         6          0          0          0          0        152   Library Totals
         0          0          0          0          0          0   (incl. Padding)

    ----------------------------------------------------------------------

      Code (inc. data)   RO Data    RW Data    ZI Data      Debug   Library Name

         6          0          0          0          0        152   c_w.l

    ----------------------------------------------------------------------
         6          0          0          0          0        152   Library Totals

    ----------------------------------------------------------------------

==============================================================================


      Code (inc. data)   RO Data    RW Data    ZI Data      Debug   

      1976        716          0         56        512       2332   Grand Totals
      1976        716          0         56        512       2332   ELF Image Totals
      1976        716          0         56          0          0   ROM Totals

==============================================================================

    Total RO  Size (Code + RO Data)                 1976 (   1.93kB)
    Total RW  Size (RW Data + ZI Data)               568 (   0.55kB)
    Total ROM Size (Code + RO Data + RW Data)       2032 (   1.98kB)

==============================================================================

